
Allocating common symbols
Common symbol       size              file

_excp_saves         0x40              /home/luigi/cmips/cMIPS/include/start.o

Discarded input sections

 .reginfo       0x0000000000000000       0x18 /home/luigi/cmips/cMIPS/include/handlers.o
 .MIPS.abiflags
                0x0000000000000000       0x18 /home/luigi/cmips/cMIPS/include/handlers.o
 .reginfo       0x0000000000000000       0x18 /home/luigi/cmips/cMIPS/include/cMIPSio.o
 .MIPS.abiflags
                0x0000000000000000       0x18 /home/luigi/cmips/cMIPS/include/cMIPSio.o
 .reginfo       0x0000000000000000       0x18 fib.o
 .MIPS.abiflags
                0x0000000000000000       0x18 fib.o

Memory Configuration

Name             Origin             Length             Attributes
rom              0x0000000000000000 0x0000000000004000 xr
ram              0x0000000000040000 0x0000000000020000 !xr
sdram            0x0000000004000000 0x0000000002000000 !xr
io               0x000000003c000000 0x0000000000020000 !xr
*default*        0x0000000000000000 0xffffffffffffffff

Linker script and memory map


.text           0x0000000000000000      0xf38
 *(.text .text.*)
 .text          0x0000000000000000      0x548 /home/luigi/cmips/cMIPS/include/start.o
                0x0000000000000000                _start
                0x00000000000000f8                exit
                0x00000000000000f8                _exit
                0x0000000000000114                halt
                0x0000000000000338                _excp_0180ret
                0x0000000000000500                PT_read
                0x0000000000000524                PT_update
 .text          0x0000000000000548      0x498 /home/luigi/cmips/cMIPS/include/handlers.o
                0x0000000000000548                extCounter
                0x000000000000057c                UARTinterr
                0x00000000000005e0                DMAinterr
                0x000000000000060c                countCompare
                0x000000000000061c                startCount
                0x000000000000063c                stopCount
                0x0000000000000650                readCount
                0x000000000000065c                enableInterr
                0x0000000000000674                disableInterr
                0x0000000000000690                handle_Mod
                0x00000000000007a4                handle_TLBL
                0x000000000000086c                TLB_purge
                0x00000000000008d4                excp_report
                0x00000000000008ec                delay_cycle
                0x00000000000008ec                cmips_delay
                0x000000000000090c                delay_us
                0x0000000000000938                delay_ms
                0x0000000000000968                print_sp
                0x0000000000000970                print_status
                0x0000000000000980                print_cause
                0x0000000000000990                cmips_kmsg
 .text          0x00000000000009e0      0x46c /home/luigi/cmips/cMIPS/include/cMIPSio.o
                0x00000000000009e0                from_stdin
                0x00000000000009f0                to_stdout
                0x0000000000000a04                print
                0x0000000000000a14                readInt
                0x0000000000000a38                writeInt
                0x0000000000000a48                writeClose
                0x0000000000000a5c                dumpRAM
                0x0000000000000a70                exception_report
                0x0000000000000b88                file2mem
                0x0000000000000bc4                mem2file
                0x0000000000000bf8                memcpy
                0x0000000000000d18                memset
                0x0000000000000dec                startCounter
                0x0000000000000e1c                stopCounter
                0x0000000000000e3c                readCounter
 .text          0x0000000000000e4c       0xec fib.o
                0x0000000000000e4c                fib
                0x0000000000000eb0                myprint
                0x0000000000000f04                main
                0x0000000000000f38                _etext = .

.data           0x0000000000040000        0x4
                0x0000000000040000                _bdata = .
 *(.data .data.*)
 .data          0x0000000000040000        0x0 /home/luigi/cmips/cMIPS/include/start.o
 .data          0x0000000000040000        0x4 /home/luigi/cmips/cMIPS/include/handlers.o
 .data          0x0000000000040004        0x0 /home/luigi/cmips/cMIPS/include/cMIPSio.o
 .data          0x0000000000040004        0x0 fib.o
                0x0000000000040004                _edata = .

.data1
 *(.data1)

.lit8
 *(.lit8)

.lit4
 *(.lit4)

.sdata
 *(.sdata .sdata.*)

.sbss
 *(.sbss .sbss.*)
 *(.scommon .scommon.*)

.bss            0x0000000000040010      0x110
 *(.bss .bss.*)
 .bss           0x0000000000040010        0x0 /home/luigi/cmips/cMIPS/include/start.o
 .bss           0x0000000000040010       0xc8 /home/luigi/cmips/cMIPS/include/handlers.o
                0x0000000000040010                _counter_val
                0x0000000000040034                Ud
                0x000000000004006c                tx_has_started
                0x00000000000400b0                _dma_status
 .bss           0x00000000000400d8        0x0 /home/luigi/cmips/cMIPS/include/cMIPSio.o
 .bss           0x00000000000400d8        0x0 fib.o
 *(COMMON)
 *fill*         0x00000000000400d8        0x8 
 COMMON         0x00000000000400e0       0x40 /home/luigi/cmips/cMIPS/include/start.o
                0x00000000000400e0                _excp_saves

.rodata1
 *(.rodata1)

.rodata         0x0000000000040120      0x138
 *(.rodata .rodata.*)
 .rodata        0x0000000000040120       0x94 /home/luigi/cmips/cMIPS/include/handlers.o
                0x00000000000401a0                _kmsg_list
 .rodata.str1.4
                0x00000000000401b4       0x84 /home/luigi/cmips/cMIPS/include/cMIPSio.o
 .rodata        0x0000000000040238       0x20 /home/luigi/cmips/cMIPS/include/cMIPSio.o
                0x0000000000040258                _end = .
                0x0000000000040000                start_RAM = 0x40000
                0x0000000000020000                end_RAM = 0x20000
                0x0000000000010000                half_RAM = (end_RAM >> 0x1)
                0x0000000000050000                base_PT = (start_RAM + half_RAM)

.MIPS.abiflags  0x0000000000040258       0x18
 .MIPS.abiflags
                0x0000000000040258       0x18 /home/luigi/cmips/cMIPS/include/start.o

.PT             0x0000000000050000      0x280
 *(.PT)
 .PT            0x0000000000050000      0x280 /home/luigi/cmips/cMIPS/include/start.o
                0x0000000000050000                _PT
LOAD /home/luigi/cmips/cMIPS/include/start.o
LOAD /home/luigi/cmips/cMIPS/include/handlers.o
LOAD /home/luigi/cmips/cMIPS/include/cMIPSio.o
LOAD fib.o
OUTPUT(fib.elf elf32-littlemips)

.reginfo        0x0000000000000000       0x18
 .reginfo       0x0000000000000000       0x18 /home/luigi/cmips/cMIPS/include/start.o

.pdr            0x0000000000000000      0x5c0
 .pdr           0x0000000000000000      0x100 /home/luigi/cmips/cMIPS/include/start.o
 .pdr           0x0000000000000100      0x280 /home/luigi/cmips/cMIPS/include/handlers.o
 .pdr           0x0000000000000380      0x1e0 /home/luigi/cmips/cMIPS/include/cMIPSio.o
 .pdr           0x0000000000000560       0x60 fib.o

.gnu.attributes
                0x0000000000000000       0x10
 .gnu.attributes
                0x0000000000000000       0x10 /home/luigi/cmips/cMIPS/include/start.o
 .gnu.attributes
                0x0000000000000010       0x10 /home/luigi/cmips/cMIPS/include/handlers.o
 .gnu.attributes
                0x0000000000000020       0x10 /home/luigi/cmips/cMIPS/include/cMIPSio.o
 .gnu.attributes
                0x0000000000000030       0x10 fib.o

.mdebug.abi32   0x0000000000000000        0x0
 .mdebug.abi32  0x0000000000000000        0x0 /home/luigi/cmips/cMIPS/include/cMIPSio.o
 .mdebug.abi32  0x0000000000000000        0x0 fib.o

.comment        0x0000000000000000       0x11
 .comment       0x0000000000000000       0x11 /home/luigi/cmips/cMIPS/include/cMIPSio.o
                                         0x12 (size before relaxing)
 .comment       0x0000000000000011       0x12 fib.o
