
Memory Configuration

Name             Origin             Length             Attributes
rom              0x0000000000000000 0x0000000000004000 xr
ram              0x0000000000040000 0x0000000000020000 !xr
sdram            0x0000000004000000 0x0000000002000000 !xr
io               0x000000003c000000 0x0000000000020000 !xr
*default*        0x0000000000000000 0xffffffffffffffff

Linker script and memory map


.text           0x0000000000000000      0x168
 *(.text .text.*)
 .text          0x0000000000000000      0x168 handlerUART.o
                0x0000000000000000                Ud
                0x0000000000000038                tx_has_started
                0x0000000000000168                _etext = .

.data           0x0000000000040000        0x0
                0x0000000000040000                _bdata = .
 *(.data .data.*)
 .data          0x0000000000040000        0x0 handlerUART.o
                0x0000000000040000                _edata = .

.data1
 *(.data1)

.lit8
 *(.lit8)

.lit4
 *(.lit4)

.sdata
 *(.sdata .sdata.*)

.sbss
 *(.sbss .sbss.*)
 *(.scommon .scommon.*)

.bss            0x0000000000040000        0x0
 *(.bss .bss.*)
 .bss           0x0000000000040000        0x0 handlerUART.o
 *(COMMON)

.rodata1
 *(.rodata1)

.rodata         0x0000000000040000        0x0
 *(.rodata .rodata.*)
                0x0000000000040000                _end = .
                0x0000000000040000                start_RAM = 0x40000
                0x0000000000020000                end_RAM = 0x20000
                0x0000000000010000                half_RAM = (end_RAM >> 0x1)
                0x0000000000050000                base_PT = (start_RAM + half_RAM)

.MIPS.abiflags  0x0000000000040000       0x18
 .MIPS.abiflags
                0x0000000000040000       0x18 handlerUART.o

.PT
 *(.PT)
LOAD handlerUART.o
OUTPUT(handlerUART.elf elf32-littlemips)

.reginfo        0x0000000000000000       0x18
 .reginfo       0x0000000000000000       0x18 handlerUART.o

.pdr            0x0000000000000000        0x0
 .pdr           0x0000000000000000        0x0 handlerUART.o

.gnu.attributes
                0x0000000000000000       0x10
 .gnu.attributes
                0x0000000000000000       0x10 handlerUART.o
